run DygMamba2 job
********************** start ********************
[2026-02-12 01:36:15] Start the job
**********************device********************
Now use device is cuda:0
********************** Successfully load data ********************
The dataset has 6481612 interactions, involving 33516 different nodes
********************** Successfully process data ********************
********************* successfully get neighbor **************
********************* successfully get negative neighbor **************
/home/liyang/BioWuYan/conda_env/dygmamba39/lib/python3.9/site-packages/torch/utils/data/dataloader.py:558: UserWarning: This DataLoader will create 4 worker processes in total. Our suggested max number of worker in current system is 1, which is smaller than what this DataLoader is going to create. Please be aware that excessive worker creation might get DataLoader running slow or even freeze, lower the worker number to avoid potential slowness/freeze if necessary.
  warnings.warn(_create_warning_msg(
********************** Successfully process neighbor data---- positive and negative ********************
[2026-02-12 01:46:51] Start the job
INFO:root:********** Run 1 starts. **********
INFO:root:configuration is Namespace(dataset_name='mooc', batch_size=200, model_name='DyGMamba', gpu=0, num_neighbors=20, sample_neighbor_strategy='uniform', time_scaling_factor=1e-06, num_walk_heads=8, num_heads=2, num_layers=2, walk_length=1, time_gap=2000, time_feat_dim=100, position_feat_dim=172, time_window_mode='fixed_proportion', patch_size=1, channel_embedding_dim=50, max_input_sequence_length=32, learning_rate=0.0001, dropout=0.1, gamma=0.5, num_epochs=1, optimizer='Adam', weight_decay=0.0, patience=20, val_ratio=0.15, test_ratio=0.15, num_runs=1, test_interval_epochs=1, negative_sample_strategy='random', max_interaction_times=10, load_best_configs=False, device='cuda:0', seed=0, save_model_name='DyGMamba_seed0')
INFO:root:model -> Sequential(
  (0): DyGMamba(
    (time_encoder): TimeEncoder(
      (w): Linear(in_features=1, out_features=100, bias=True)
    )
    (neighbor_co_occurrence_encoder): NIFEncoder(
      (nif_encode_layer): Sequential(
        (0): Linear(in_features=1, out_features=50, bias=True)
        (1): ReLU()
        (2): Linear(in_features=50, out_features=50, bias=True)
      )
    )
    (projection_layer): ModuleDict(
      (node): Linear(in_features=172, out_features=50, bias=True)
      (edge): Linear(in_features=172, out_features=50, bias=True)
      (time): Linear(in_features=100, out_features=50, bias=True)
      (neighbor_co_occurrence): Linear(in_features=50, out_features=50, bias=True)
    )
    (output_layer): Linear(in_features=100, out_features=172, bias=True)
    (output_layer_t_diff): Linear(in_features=25, out_features=172, bias=True)
    (mamba): ModuleList(
      (0-1): 2 x Mamba(
        (in_proj): Linear(in_features=100, out_features=200, bias=False)
        (conv1d): Conv1d(100, 100, kernel_size=(4,), stride=(1,), padding=(3,), groups=100)
        (act): SiLU()
        (x_proj): Linear(in_features=100, out_features=39, bias=False)
        (dt_proj): Linear(in_features=7, out_features=100, bias=True)
        (out_proj): Linear(in_features=100, out_features=100, bias=False)
      )
    )
    (mamba_t_diff): ModuleList(
      (0-1): 2 x Mamba(
        (in_proj): Linear(in_features=25, out_features=50, bias=False)
        (conv1d): Conv1d(25, 25, kernel_size=(4,), stride=(1,), padding=(3,), groups=25)
        (act): SiLU()
        (x_proj): Linear(in_features=25, out_features=34, bias=False)
        (dt_proj): Linear(in_features=2, out_features=25, bias=True)
        (out_proj): Linear(in_features=25, out_features=25, bias=False)
      )
    )
    (projection_layer_t_diff): Linear(in_features=100, out_features=25, bias=True)
    (projection_layer_t_diff_up): Linear(in_features=25, out_features=100, bias=True)
    (weightagg): Linear(in_features=100, out_features=1, bias=True)
    (reduce_layer): Linear(in_features=200, out_features=100, bias=True)
    (channel_norm): LayerNorm((100,), eps=1e-05, elementwise_affine=True)
    (channel_feedforward): FeedForwardNet(
      (ffn): Sequential(
        (0): Linear(in_features=100, out_features=400, bias=True)
        (1): GELU(approximate='none')
        (2): Dropout(p=0.1, inplace=False)
        (3): Linear(in_features=400, out_features=100, bias=True)
        (4): Dropout(p=0.1, inplace=False)
      )
    )
    (neighbor_selection_layer): Linear(in_features=100, out_features=100, bias=True)
  )
  (1): MergeLayerTD(
    (fc1): Linear(in_features=516, out_features=172, bias=True)
    (fc2): Linear(in_features=172, out_features=1, bias=True)
    (act): ReLU()
  )
)
INFO:root:model name: DyGMamba, #parameters: 1341268 B, 1309.83203125 KB, 1.2791328430175781 MB.
混合精度训练已启用
  0%|                                                                                          | 0/8103 [00:00<?, ?it/s]/home/liyang/BioWuYan/conda_env/dygmamba39/lib/python3.9/site-packages/torch/utils/data/dataloader.py:558: UserWarning: This DataLoader will create 4 worker processes in total. Our suggested max number of worker in current system is 1, which is smaller than what this DataLoader is going to create. Please be aware that excessive worker creation might get DataLoader running slow or even freeze, lower the worker number to avoid potential slowness/freeze if necessary.
  warnings.warn(_create_warning_msg(
/home/liyang/BioWuYan/dygmamba_project/model/dygmamba/src/models/DyGMamba.py:448: UserWarning: To copy construct from a tensor, it is recommended to use sourceTensor.clone().detach() or sourceTensor.clone().detach().requires_grad_(True), rather than torch.tensor(sourceTensor).
  features_tensor = torch.tensor(features, dtype=torch.float32, device=self.device)
../aten/src/ATen/native/cuda/Loss.cu:94: operator(): block: [3,0,0], thread: [32,0,0] Assertion `input_val >= zero && input_val <= one` failed.
../aten/src/ATen/native/cuda/Loss.cu:94: operator(): block: [3,0,0], thread: [33,0,0] Assertion `input_val >= zero && input_val <= one` failed.
../aten/src/ATen/native/cuda/Loss.cu:94: operator(): block: [3,0,0], thread: [34,0,0] Assertion `input_val >= zero && input_val <= one` failed.
../aten/src/ATen/native/cuda/Loss.cu:94: operator(): block: [3,0,0], thread: [35,0,0] Assertion `input_val >= zero && input_val <= one` failed.
../aten/src/ATen/native/cuda/Loss.cu:94: operator(): block: [3,0,0], thread: [36,0,0] Assertion `input_val >= zero && input_val <= one` failed.
../aten/src/ATen/native/cuda/Loss.cu:94: operator(): block: [3,0,0], thread: [37,0,0] Assertion `input_val >= zero && input_val <= one` failed.
../aten/src/ATen/native/cuda/Loss.cu:94: operator(): block: [3,0,0], thread: [38,0,0] Assertion `input_val >= zero && input_val <= one` failed.
../aten/src/ATen/native/cuda/Loss.cu:94: operator(): block: [3,0,0], thread: [39,0,0] Assertion `input_val >= zero && input_val <= one` failed.
../aten/src/ATen/native/cuda/Loss.cu:94: operator(): block: [3,0,0], thread: [40,0,0] Assertion `input_val >= zero && input_val <= one` failed.
../aten/src/ATen/native/cuda/Loss.cu:94: operator(): block: [3,0,0], thread: [41,0,0] Assertion `input_val >= zero && input_val <= one` failed.
../aten/src/ATen/native/cuda/Loss.cu:94: operator(): block: [3,0,0], thread: [42,0,0] Assertion `input_val >= zero && input_val <= one` failed.
../aten/src/ATen/native/cuda/Loss.cu:94: operator(): block: [3,0,0], thread: [43,0,0] Assertion `input_val >= zero && input_val <= one` failed.
../aten/src/ATen/native/cuda/Loss.cu:94: operator(): block: [3,0,0], thread: [44,0,0] Assertion `input_val >= zero && input_val <= one` failed.
../aten/src/ATen/native/cuda/Loss.cu:94: operator(): block: [3,0,0], thread: [45,0,0] Assertion `input_val >= zero && input_val <= one` failed.
../aten/src/ATen/native/cuda/Loss.cu:94: operator(): block: [3,0,0], thread: [46,0,0] Assertion `input_val >= zero && input_val <= one` failed.
../aten/src/ATen/native/cuda/Loss.cu:94: operator(): block: [3,0,0], thread: [47,0,0] Assertion `input_val >= zero && input_val <= one` failed.
../aten/src/ATen/native/cuda/Loss.cu:94: operator(): block: [3,0,0], thread: [48,0,0] Assertion `input_val >= zero && input_val <= one` failed.
../aten/src/ATen/native/cuda/Loss.cu:94: operator(): block: [3,0,0], thread: [49,0,0] Assertion `input_val >= zero && input_val <= one` failed.
../aten/src/ATen/native/cuda/Loss.cu:94: operator(): block: [3,0,0], thread: [50,0,0] Assertion `input_val >= zero && input_val <= one` failed.
../aten/src/ATen/native/cuda/Loss.cu:94: operator(): block: [3,0,0], thread: [51,0,0] Assertion `input_val >= zero && input_val <= one` failed.
../aten/src/ATen/native/cuda/Loss.cu:94: operator(): block: [3,0,0], thread: [52,0,0] Assertion `input_val >= zero && input_val <= one` failed.
../aten/src/ATen/native/cuda/Loss.cu:94: operator(): block: [3,0,0], thread: [53,0,0] Assertion `input_val >= zero && input_val <= one` failed.
../aten/src/ATen/native/cuda/Loss.cu:94: operator(): block: [3,0,0], thread: [54,0,0] Assertion `input_val >= zero && input_val <= one` failed.
../aten/src/ATen/native/cuda/Loss.cu:94: operator(): block: [3,0,0], thread: [55,0,0] Assertion `input_val >= zero && input_val <= one` failed.
../aten/src/ATen/native/cuda/Loss.cu:94: operator(): block: [3,0,0], thread: [56,0,0] Assertion `input_val >= zero && input_val <= one` failed.
../aten/src/ATen/native/cuda/Loss.cu:94: operator(): block: [3,0,0], thread: [57,0,0] Assertion `input_val >= zero && input_val <= one` failed.
../aten/src/ATen/native/cuda/Loss.cu:94: operator(): block: [3,0,0], thread: [58,0,0] Assertion `input_val >= zero && input_val <= one` failed.
../aten/src/ATen/native/cuda/Loss.cu:94: operator(): block: [3,0,0], thread: [59,0,0] Assertion `input_val >= zero && input_val <= one` failed.
../aten/src/ATen/native/cuda/Loss.cu:94: operator(): block: [3,0,0], thread: [60,0,0] Assertion `input_val >= zero && input_val <= one` failed.
../aten/src/ATen/native/cuda/Loss.cu:94: operator(): block: [3,0,0], thread: [61,0,0] Assertion `input_val >= zero && input_val <= one` failed.
../aten/src/ATen/native/cuda/Loss.cu:94: operator(): block: [3,0,0], thread: [62,0,0] Assertion `input_val >= zero && input_val <= one` failed.
../aten/src/ATen/native/cuda/Loss.cu:94: operator(): block: [3,0,0], thread: [63,0,0] Assertion `input_val >= zero && input_val <= one` failed.
../aten/src/ATen/native/cuda/Loss.cu:94: operator(): block: [3,0,0], thread: [0,0,0] Assertion `input_val >= zero && input_val <= one` failed.
../aten/src/ATen/native/cuda/Loss.cu:94: operator(): block: [3,0,0], thread: [1,0,0] Assertion `input_val >= zero && input_val <= one` failed.
../aten/src/ATen/native/cuda/Loss.cu:94: operator(): block: [3,0,0], thread: [2,0,0] Assertion `input_val >= zero && input_val <= one` failed.
../aten/src/ATen/native/cuda/Loss.cu:94: operator(): block: [3,0,0], thread: [3,0,0] Assertion `input_val >= zero && input_val <= one` failed.
../aten/src/ATen/native/cuda/Loss.cu:94: operator(): block: [3,0,0], thread: [4,0,0] Assertion `input_val >= zero && input_val <= one` failed.
../aten/src/ATen/native/cuda/Loss.cu:94: operator(): block: [3,0,0], thread: [5,0,0] Assertion `input_val >= zero && input_val <= one` failed.
../aten/src/ATen/native/cuda/Loss.cu:94: operator(): block: [3,0,0], thread: [6,0,0] Assertion `input_val >= zero && input_val <= one` failed.
../aten/src/ATen/native/cuda/Loss.cu:94: operator(): block: [3,0,0], thread: [7,0,0] Assertion `input_val >= zero && input_val <= one` failed.
../aten/src/ATen/native/cuda/Loss.cu:94: operator(): block: [3,0,0], thread: [8,0,0] Assertion `input_val >= zero && input_val <= one` failed.
../aten/src/ATen/native/cuda/Loss.cu:94: operator(): block: [3,0,0], thread: [9,0,0] Assertion `input_val >= zero && input_val <= one` failed.
../aten/src/ATen/native/cuda/Loss.cu:94: operator(): block: [3,0,0], thread: [10,0,0] Assertion `input_val >= zero && input_val <= one` failed.
../aten/src/ATen/native/cuda/Loss.cu:94: operator(): block: [3,0,0], thread: [11,0,0] Assertion `input_val >= zero && input_val <= one` failed.
../aten/src/ATen/native/cuda/Loss.cu:94: operator(): block: [3,0,0], thread: [12,0,0] Assertion `input_val >= zero && input_val <= one` failed.
../aten/src/ATen/native/cuda/Loss.cu:94: operator(): block: [3,0,0], thread: [13,0,0] Assertion `input_val >= zero && input_val <= one` failed.
../aten/src/ATen/native/cuda/Loss.cu:94: operator(): block: [3,0,0], thread: [14,0,0] Assertion `input_val >= zero && input_val <= one` failed.
../aten/src/ATen/native/cuda/Loss.cu:94: operator(): block: [3,0,0], thread: [15,0,0] Assertion `input_val >= zero && input_val <= one` failed.
../aten/src/ATen/native/cuda/Loss.cu:94: operator(): block: [3,0,0], thread: [16,0,0] Assertion `input_val >= zero && input_val <= one` failed.
../aten/src/ATen/native/cuda/Loss.cu:94: operator(): block: [3,0,0], thread: [17,0,0] Assertion `input_val >= zero && input_val <= one` failed.
../aten/src/ATen/native/cuda/Loss.cu:94: operator(): block: [3,0,0], thread: [18,0,0] Assertion `input_val >= zero && input_val <= one` failed.
../aten/src/ATen/native/cuda/Loss.cu:94: operator(): block: [3,0,0], thread: [19,0,0] Assertion `input_val >= zero && input_val <= one` failed.
../aten/src/ATen/native/cuda/Loss.cu:94: operator(): block: [3,0,0], thread: [20,0,0] Assertion `input_val >= zero && input_val <= one` failed.
../aten/src/ATen/native/cuda/Loss.cu:94: operator(): block: [3,0,0], thread: [21,0,0] Assertion `input_val >= zero && input_val <= one` failed.
../aten/src/ATen/native/cuda/Loss.cu:94: operator(): block: [3,0,0], thread: [22,0,0] Assertion `input_val >= zero && input_val <= one` failed.
../aten/src/ATen/native/cuda/Loss.cu:94: operator(): block: [3,0,0], thread: [23,0,0] Assertion `input_val >= zero && input_val <= one` failed.
../aten/src/ATen/native/cuda/Loss.cu:94: operator(): block: [3,0,0], thread: [24,0,0] Assertion `input_val >= zero && input_val <= one` failed.
../aten/src/ATen/native/cuda/Loss.cu:94: operator(): block: [3,0,0], thread: [25,0,0] Assertion `input_val >= zero && input_val <= one` failed.
../aten/src/ATen/native/cuda/Loss.cu:94: operator(): block: [3,0,0], thread: [26,0,0] Assertion `input_val >= zero && input_val <= one` failed.
../aten/src/ATen/native/cuda/Loss.cu:94: operator(): block: [3,0,0], thread: [27,0,0] Assertion `input_val >= zero && input_val <= one` failed.
../aten/src/ATen/native/cuda/Loss.cu:94: operator(): block: [3,0,0], thread: [28,0,0] Assertion `input_val >= zero && input_val <= one` failed.
../aten/src/ATen/native/cuda/Loss.cu:94: operator(): block: [3,0,0], thread: [29,0,0] Assertion `input_val >= zero && input_val <= one` failed.
../aten/src/ATen/native/cuda/Loss.cu:94: operator(): block: [3,0,0], thread: [30,0,0] Assertion `input_val >= zero && input_val <= one` failed.
../aten/src/ATen/native/cuda/Loss.cu:94: operator(): block: [3,0,0], thread: [31,0,0] Assertion `input_val >= zero && input_val <= one` failed.
../aten/src/ATen/native/cuda/Loss.cu:94: operator(): block: [2,0,0], thread: [64,0,0] Assertion `input_val >= zero && input_val <= one` failed.
../aten/src/ATen/native/cuda/Loss.cu:94: operator(): block: [2,0,0], thread: [65,0,0] Assertion `input_val >= zero && input_val <= one` failed.
../aten/src/ATen/native/cuda/Loss.cu:94: operator(): block: [2,0,0], thread: [66,0,0] Assertion `input_val >= zero && input_val <= one` failed.
../aten/src/ATen/native/cuda/Loss.cu:94: operator(): block: [2,0,0], thread: [67,0,0] Assertion `input_val >= zero && input_val <= one` failed.
../aten/src/ATen/native/cuda/Loss.cu:94: operator(): block: [2,0,0], thread: [68,0,0] Assertion `input_val >= zero && input_val <= one` failed.
../aten/src/ATen/native/cuda/Loss.cu:94: operator(): block: [2,0,0], thread: [69,0,0] Assertion `input_val >= zero && input_val <= one` failed.
../aten/src/ATen/native/cuda/Loss.cu:94: operator(): block: [2,0,0], thread: [70,0,0] Assertion `input_val >= zero && input_val <= one` failed.
../aten/src/ATen/native/cuda/Loss.cu:94: operator(): block: [2,0,0], thread: [71,0,0] Assertion `input_val >= zero && input_val <= one` failed.
../aten/src/ATen/native/cuda/Loss.cu:94: operator(): block: [2,0,0], thread: [72,0,0] Assertion `input_val >= zero && input_val <= one` failed.
../aten/src/ATen/native/cuda/Loss.cu:94: operator(): block: [2,0,0], thread: [73,0,0] Assertion `input_val >= zero && input_val <= one` failed.
../aten/src/ATen/native/cuda/Loss.cu:94: operator(): block: [2,0,0], thread: [74,0,0] Assertion `input_val >= zero && input_val <= one` failed.
../aten/src/ATen/native/cuda/Loss.cu:94: operator(): block: [2,0,0], thread: [75,0,0] Assertion `input_val >= zero && input_val <= one` failed.
../aten/src/ATen/native/cuda/Loss.cu:94: operator(): block: [2,0,0], thread: [76,0,0] Assertion `input_val >= zero && input_val <= one` failed.
../aten/src/ATen/native/cuda/Loss.cu:94: operator(): block: [2,0,0], thread: [77,0,0] Assertion `input_val >= zero && input_val <= one` failed.
../aten/src/ATen/native/cuda/Loss.cu:94: operator(): block: [2,0,0], thread: [78,0,0] Assertion `input_val >= zero && input_val <= one` failed.
../aten/src/ATen/native/cuda/Loss.cu:94: operator(): block: [2,0,0], thread: [79,0,0] Assertion `input_val >= zero && input_val <= one` failed.
../aten/src/ATen/native/cuda/Loss.cu:94: operator(): block: [2,0,0], thread: [80,0,0] Assertion `input_val >= zero && input_val <= one` failed.
../aten/src/ATen/native/cuda/Loss.cu:94: operator(): block: [2,0,0], thread: [81,0,0] Assertion `input_val >= zero && input_val <= one` failed.
../aten/src/ATen/native/cuda/Loss.cu:94: operator(): block: [2,0,0], thread: [82,0,0] Assertion `input_val >= zero && input_val <= one` failed.
../aten/src/ATen/native/cuda/Loss.cu:94: operator(): block: [2,0,0], thread: [83,0,0] Assertion `input_val >= zero && input_val <= one` failed.
../aten/src/ATen/native/cuda/Loss.cu:94: operator(): block: [2,0,0], thread: [84,0,0] Assertion `input_val >= zero && input_val <= one` failed.
../aten/src/ATen/native/cuda/Loss.cu:94: operator(): block: [2,0,0], thread: [85,0,0] Assertion `input_val >= zero && input_val <= one` failed.
../aten/src/ATen/native/cuda/Loss.cu:94: operator(): block: [2,0,0], thread: [86,0,0] Assertion `input_val >= zero && input_val <= one` failed.
../aten/src/ATen/native/cuda/Loss.cu:94: operator(): block: [2,0,0], thread: [87,0,0] Assertion `input_val >= zero && input_val <= one` failed.
../aten/src/ATen/native/cuda/Loss.cu:94: operator(): block: [2,0,0], thread: [88,0,0] Assertion `input_val >= zero && input_val <= one` failed.
../aten/src/ATen/native/cuda/Loss.cu:94: operator(): block: [2,0,0], thread: [89,0,0] Assertion `input_val >= zero && input_val <= one` failed.
../aten/src/ATen/native/cuda/Loss.cu:94: operator(): block: [2,0,0], thread: [90,0,0] Assertion `input_val >= zero && input_val <= one` failed.
../aten/src/ATen/native/cuda/Loss.cu:94: operator(): block: [2,0,0], thread: [91,0,0] Assertion `input_val >= zero && input_val <= one` failed.
../aten/src/ATen/native/cuda/Loss.cu:94: operator(): block: [2,0,0], thread: [92,0,0] Assertion `input_val >= zero && input_val <= one` failed.
../aten/src/ATen/native/cuda/Loss.cu:94: operator(): block: [2,0,0], thread: [93,0,0] Assertion `input_val >= zero && input_val <= one` failed.
../aten/src/ATen/native/cuda/Loss.cu:94: operator(): block: [2,0,0], thread: [94,0,0] Assertion `input_val >= zero && input_val <= one` failed.
../aten/src/ATen/native/cuda/Loss.cu:94: operator(): block: [2,0,0], thread: [95,0,0] Assertion `input_val >= zero && input_val <= one` failed.
../aten/src/ATen/native/cuda/Loss.cu:94: operator(): block: [2,0,0], thread: [32,0,0] Assertion `input_val >= zero && input_val <= one` failed.
../aten/src/ATen/native/cuda/Loss.cu:94: operator(): block: [2,0,0], thread: [33,0,0] Assertion `input_val >= zero && input_val <= one` failed.
../aten/src/ATen/native/cuda/Loss.cu:94: operator(): block: [2,0,0], thread: [34,0,0] Assertion `input_val >= zero && input_val <= one` failed.
../aten/src/ATen/native/cuda/Loss.cu:94: operator(): block: [2,0,0], thread: [35,0,0] Assertion `input_val >= zero && input_val <= one` failed.
../aten/src/ATen/native/cuda/Loss.cu:94: operator(): block: [2,0,0], thread: [36,0,0] Assertion `input_val >= zero && input_val <= one` failed.
../aten/src/ATen/native/cuda/Loss.cu:94: operator(): block: [2,0,0], thread: [37,0,0] Assertion `input_val >= zero && input_val <= one` failed.
../aten/src/ATen/native/cuda/Loss.cu:94: operator(): block: [2,0,0], thread: [38,0,0] Assertion `input_val >= zero && input_val <= one` failed.
../aten/src/ATen/native/cuda/Loss.cu:94: operator(): block: [2,0,0], thread: [39,0,0] Assertion `input_val >= zero && input_val <= one` failed.
../aten/src/ATen/native/cuda/Loss.cu:94: operator(): block: [2,0,0], thread: [40,0,0] Assertion `input_val >= zero && input_val <= one` failed.
../aten/src/ATen/native/cuda/Loss.cu:94: operator(): block: [2,0,0], thread: [41,0,0] Assertion `input_val >= zero && input_val <= one` failed.
../aten/src/ATen/native/cuda/Loss.cu:94: operator(): block: [2,0,0], thread: [42,0,0] Assertion `input_val >= zero && input_val <= one` failed.
../aten/src/ATen/native/cuda/Loss.cu:94: operator(): block: [2,0,0], thread: [43,0,0] Assertion `input_val >= zero && input_val <= one` failed.
../aten/src/ATen/native/cuda/Loss.cu:94: operator(): block: [2,0,0], thread: [44,0,0] Assertion `input_val >= zero && input_val <= one` failed.
../aten/src/ATen/native/cuda/Loss.cu:94: operator(): block: [2,0,0], thread: [45,0,0] Assertion `input_val >= zero && input_val <= one` failed.
../aten/src/ATen/native/cuda/Loss.cu:94: operator(): block: [2,0,0], thread: [46,0,0] Assertion `input_val >= zero && input_val <= one` failed.
../aten/src/ATen/native/cuda/Loss.cu:94: operator(): block: [2,0,0], thread: [47,0,0] Assertion `input_val >= zero && input_val <= one` failed.
../aten/src/ATen/native/cuda/Loss.cu:94: operator(): block: [2,0,0], thread: [48,0,0] Assertion `input_val >= zero && input_val <= one` failed.
../aten/src/ATen/native/cuda/Loss.cu:94: operator(): block: [2,0,0], thread: [49,0,0] Assertion `input_val >= zero && input_val <= one` failed.
../aten/src/ATen/native/cuda/Loss.cu:94: operator(): block: [2,0,0], thread: [50,0,0] Assertion `input_val >= zero && input_val <= one` failed.
../aten/src/ATen/native/cuda/Loss.cu:94: operator(): block: [2,0,0], thread: [51,0,0] Assertion `input_val >= zero && input_val <= one` failed.
../aten/src/ATen/native/cuda/Loss.cu:94: operator(): block: [2,0,0], thread: [52,0,0] Assertion `input_val >= zero && input_val <= one` failed.
../aten/src/ATen/native/cuda/Loss.cu:94: operator(): block: [2,0,0], thread: [53,0,0] Assertion `input_val >= zero && input_val <= one` failed.
../aten/src/ATen/native/cuda/Loss.cu:94: operator(): block: [2,0,0], thread: [54,0,0] Assertion `input_val >= zero && input_val <= one` failed.
../aten/src/ATen/native/cuda/Loss.cu:94: operator(): block: [2,0,0], thread: [55,0,0] Assertion `input_val >= zero && input_val <= one` failed.
../aten/src/ATen/native/cuda/Loss.cu:94: operator(): block: [2,0,0], thread: [56,0,0] Assertion `input_val >= zero && input_val <= one` failed.
../aten/src/ATen/native/cuda/Loss.cu:94: operator(): block: [2,0,0], thread: [57,0,0] Assertion `input_val >= zero && input_val <= one` failed.
../aten/src/ATen/native/cuda/Loss.cu:94: operator(): block: [2,0,0], thread: [58,0,0] Assertion `input_val >= zero && input_val <= one` failed.
../aten/src/ATen/native/cuda/Loss.cu:94: operator(): block: [2,0,0], thread: [59,0,0] Assertion `input_val >= zero && input_val <= one` failed.
../aten/src/ATen/native/cuda/Loss.cu:94: operator(): block: [2,0,0], thread: [60,0,0] Assertion `input_val >= zero && input_val <= one` failed.
../aten/src/ATen/native/cuda/Loss.cu:94: operator(): block: [2,0,0], thread: [61,0,0] Assertion `input_val >= zero && input_val <= one` failed.
../aten/src/ATen/native/cuda/Loss.cu:94: operator(): block: [2,0,0], thread: [62,0,0] Assertion `input_val >= zero && input_val <= one` failed.
../aten/src/ATen/native/cuda/Loss.cu:94: operator(): block: [2,0,0], thread: [63,0,0] Assertion `input_val >= zero && input_val <= one` failed.
../aten/src/ATen/native/cuda/Loss.cu:94: operator(): block: [2,0,0], thread: [96,0,0] Assertion `input_val >= zero && input_val <= one` failed.
../aten/src/ATen/native/cuda/Loss.cu:94: operator(): block: [2,0,0], thread: [97,0,0] Assertion `input_val >= zero && input_val <= one` failed.
../aten/src/ATen/native/cuda/Loss.cu:94: operator(): block: [2,0,0], thread: [98,0,0] Assertion `input_val >= zero && input_val <= one` failed.
../aten/src/ATen/native/cuda/Loss.cu:94: operator(): block: [2,0,0], thread: [99,0,0] Assertion `input_val >= zero && input_val <= one` failed.
../aten/src/ATen/native/cuda/Loss.cu:94: operator(): block: [2,0,0], thread: [100,0,0] Assertion `input_val >= zero && input_val <= one` failed.
../aten/src/ATen/native/cuda/Loss.cu:94: operator(): block: [2,0,0], thread: [101,0,0] Assertion `input_val >= zero && input_val <= one` failed.
../aten/src/ATen/native/cuda/Loss.cu:94: operator(): block: [2,0,0], thread: [102,0,0] Assertion `input_val >= zero && input_val <= one` failed.
../aten/src/ATen/native/cuda/Loss.cu:94: operator(): block: [2,0,0], thread: [103,0,0] Assertion `input_val >= zero && input_val <= one` failed.
../aten/src/ATen/native/cuda/Loss.cu:94: operator(): block: [2,0,0], thread: [104,0,0] Assertion `input_val >= zero && input_val <= one` failed.
../aten/src/ATen/native/cuda/Loss.cu:94: operator(): block: [2,0,0], thread: [105,0,0] Assertion `input_val >= zero && input_val <= one` failed.
../aten/src/ATen/native/cuda/Loss.cu:94: operator(): block: [2,0,0], thread: [106,0,0] Assertion `input_val >= zero && input_val <= one` failed.
../aten/src/ATen/native/cuda/Loss.cu:94: operator(): block: [2,0,0], thread: [107,0,0] Assertion `input_val >= zero && input_val <= one` failed.
../aten/src/ATen/native/cuda/Loss.cu:94: operator(): block: [2,0,0], thread: [108,0,0] Assertion `input_val >= zero && input_val <= one` failed.
../aten/src/ATen/native/cuda/Loss.cu:94: operator(): block: [2,0,0], thread: [109,0,0] Assertion `input_val >= zero && input_val <= one` failed.
../aten/src/ATen/native/cuda/Loss.cu:94: operator(): block: [2,0,0], thread: [110,0,0] Assertion `input_val >= zero && input_val <= one` failed.
../aten/src/ATen/native/cuda/Loss.cu:94: operator(): block: [2,0,0], thread: [111,0,0] Assertion `input_val >= zero && input_val <= one` failed.
../aten/src/ATen/native/cuda/Loss.cu:94: operator(): block: [2,0,0], thread: [112,0,0] Assertion `input_val >= zero && input_val <= one` failed.
../aten/src/ATen/native/cuda/Loss.cu:94: operator(): block: [2,0,0], thread: [113,0,0] Assertion `input_val >= zero && input_val <= one` failed.
../aten/src/ATen/native/cuda/Loss.cu:94: operator(): block: [2,0,0], thread: [114,0,0] Assertion `input_val >= zero && input_val <= one` failed.
../aten/src/ATen/native/cuda/Loss.cu:94: operator(): block: [2,0,0], thread: [115,0,0] Assertion `input_val >= zero && input_val <= one` failed.
../aten/src/ATen/native/cuda/Loss.cu:94: operator(): block: [2,0,0], thread: [116,0,0] Assertion `input_val >= zero && input_val <= one` failed.
../aten/src/ATen/native/cuda/Loss.cu:94: operator(): block: [2,0,0], thread: [117,0,0] Assertion `input_val >= zero && input_val <= one` failed.
../aten/src/ATen/native/cuda/Loss.cu:94: operator(): block: [2,0,0], thread: [118,0,0] Assertion `input_val >= zero && input_val <= one` failed.
../aten/src/ATen/native/cuda/Loss.cu:94: operator(): block: [2,0,0], thread: [119,0,0] Assertion `input_val >= zero && input_val <= one` failed.
../aten/src/ATen/native/cuda/Loss.cu:94: operator(): block: [2,0,0], thread: [120,0,0] Assertion `input_val >= zero && input_val <= one` failed.
../aten/src/ATen/native/cuda/Loss.cu:94: operator(): block: [2,0,0], thread: [121,0,0] Assertion `input_val >= zero && input_val <= one` failed.
../aten/src/ATen/native/cuda/Loss.cu:94: operator(): block: [2,0,0], thread: [122,0,0] Assertion `input_val >= zero && input_val <= one` failed.
../aten/src/ATen/native/cuda/Loss.cu:94: operator(): block: [2,0,0], thread: [123,0,0] Assertion `input_val >= zero && input_val <= one` failed.
../aten/src/ATen/native/cuda/Loss.cu:94: operator(): block: [2,0,0], thread: [124,0,0] Assertion `input_val >= zero && input_val <= one` failed.
../aten/src/ATen/native/cuda/Loss.cu:94: operator(): block: [2,0,0], thread: [125,0,0] Assertion `input_val >= zero && input_val <= one` failed.
../aten/src/ATen/native/cuda/Loss.cu:94: operator(): block: [2,0,0], thread: [126,0,0] Assertion `input_val >= zero && input_val <= one` failed.
../aten/src/ATen/native/cuda/Loss.cu:94: operator(): block: [2,0,0], thread: [127,0,0] Assertion `input_val >= zero && input_val <= one` failed.
../aten/src/ATen/native/cuda/Loss.cu:94: operator(): block: [2,0,0], thread: [0,0,0] Assertion `input_val >= zero && input_val <= one` failed.
../aten/src/ATen/native/cuda/Loss.cu:94: operator(): block: [2,0,0], thread: [1,0,0] Assertion `input_val >= zero && input_val <= one` failed.
../aten/src/ATen/native/cuda/Loss.cu:94: operator(): block: [2,0,0], thread: [2,0,0] Assertion `input_val >= zero && input_val <= one` failed.
../aten/src/ATen/native/cuda/Loss.cu:94: operator(): block: [2,0,0], thread: [3,0,0] Assertion `input_val >= zero && input_val <= one` failed.
../aten/src/ATen/native/cuda/Loss.cu:94: operator(): block: [2,0,0], thread: [4,0,0] Assertion `input_val >= zero && input_val <= one` failed.
../aten/src/ATen/native/cuda/Loss.cu:94: operator(): block: [2,0,0], thread: [5,0,0] Assertion `input_val >= zero && input_val <= one` failed.
../aten/src/ATen/native/cuda/Loss.cu:94: operator(): block: [2,0,0], thread: [6,0,0] Assertion `input_val >= zero && input_val <= one` failed.
../aten/src/ATen/native/cuda/Loss.cu:94: operator(): block: [2,0,0], thread: [7,0,0] Assertion `input_val >= zero && input_val <= one` failed.
../aten/src/ATen/native/cuda/Loss.cu:94: operator(): block: [2,0,0], thread: [8,0,0] Assertion `input_val >= zero && input_val <= one` failed.
../aten/src/ATen/native/cuda/Loss.cu:94: operator(): block: [2,0,0], thread: [9,0,0] Assertion `input_val >= zero && input_val <= one` failed.
../aten/src/ATen/native/cuda/Loss.cu:94: operator(): block: [2,0,0], thread: [10,0,0] Assertion `input_val >= zero && input_val <= one` failed.
../aten/src/ATen/native/cuda/Loss.cu:94: operator(): block: [2,0,0], thread: [11,0,0] Assertion `input_val >= zero && input_val <= one` failed.
../aten/src/ATen/native/cuda/Loss.cu:94: operator(): block: [2,0,0], thread: [12,0,0] Assertion `input_val >= zero && input_val <= one` failed.
../aten/src/ATen/native/cuda/Loss.cu:94: operator(): block: [2,0,0], thread: [13,0,0] Assertion `input_val >= zero && input_val <= one` failed.
../aten/src/ATen/native/cuda/Loss.cu:94: operator(): block: [2,0,0], thread: [14,0,0] Assertion `input_val >= zero && input_val <= one` failed.
../aten/src/ATen/native/cuda/Loss.cu:94: operator(): block: [2,0,0], thread: [15,0,0] Assertion `input_val >= zero && input_val <= one` failed.
../aten/src/ATen/native/cuda/Loss.cu:94: operator(): block: [2,0,0], thread: [16,0,0] Assertion `input_val >= zero && input_val <= one` failed.
../aten/src/ATen/native/cuda/Loss.cu:94: operator(): block: [2,0,0], thread: [17,0,0] Assertion `input_val >= zero && input_val <= one` failed.
../aten/src/ATen/native/cuda/Loss.cu:94: operator(): block: [2,0,0], thread: [18,0,0] Assertion `input_val >= zero && input_val <= one` failed.
../aten/src/ATen/native/cuda/Loss.cu:94: operator(): block: [2,0,0], thread: [19,0,0] Assertion `input_val >= zero && input_val <= one` failed.
../aten/src/ATen/native/cuda/Loss.cu:94: operator(): block: [2,0,0], thread: [20,0,0] Assertion `input_val >= zero && input_val <= one` failed.
../aten/src/ATen/native/cuda/Loss.cu:94: operator(): block: [2,0,0], thread: [21,0,0] Assertion `input_val >= zero && input_val <= one` failed.
../aten/src/ATen/native/cuda/Loss.cu:94: operator(): block: [2,0,0], thread: [22,0,0] Assertion `input_val >= zero && input_val <= one` failed.
../aten/src/ATen/native/cuda/Loss.cu:94: operator(): block: [2,0,0], thread: [23,0,0] Assertion `input_val >= zero && input_val <= one` failed.
../aten/src/ATen/native/cuda/Loss.cu:94: operator(): block: [2,0,0], thread: [24,0,0] Assertion `input_val >= zero && input_val <= one` failed.
../aten/src/ATen/native/cuda/Loss.cu:94: operator(): block: [2,0,0], thread: [25,0,0] Assertion `input_val >= zero && input_val <= one` failed.
../aten/src/ATen/native/cuda/Loss.cu:94: operator(): block: [2,0,0], thread: [26,0,0] Assertion `input_val >= zero && input_val <= one` failed.
../aten/src/ATen/native/cuda/Loss.cu:94: operator(): block: [2,0,0], thread: [27,0,0] Assertion `input_val >= zero && input_val <= one` failed.
../aten/src/ATen/native/cuda/Loss.cu:94: operator(): block: [2,0,0], thread: [28,0,0] Assertion `input_val >= zero && input_val <= one` failed.
../aten/src/ATen/native/cuda/Loss.cu:94: operator(): block: [2,0,0], thread: [29,0,0] Assertion `input_val >= zero && input_val <= one` failed.
../aten/src/ATen/native/cuda/Loss.cu:94: operator(): block: [2,0,0], thread: [30,0,0] Assertion `input_val >= zero && input_val <= one` failed.
../aten/src/ATen/native/cuda/Loss.cu:94: operator(): block: [2,0,0], thread: [31,0,0] Assertion `input_val >= zero && input_val <= one` failed.
../aten/src/ATen/native/cuda/Loss.cu:94: operator(): block: [0,0,0], thread: [0,0,0] Assertion `input_val >= zero && input_val <= one` failed.
../aten/src/ATen/native/cuda/Loss.cu:94: operator(): block: [0,0,0], thread: [1,0,0] Assertion `input_val >= zero && input_val <= one` failed.
../aten/src/ATen/native/cuda/Loss.cu:94: operator(): block: [0,0,0], thread: [2,0,0] Assertion `input_val >= zero && input_val <= one` failed.
../aten/src/ATen/native/cuda/Loss.cu:94: operator(): block: [0,0,0], thread: [3,0,0] Assertion `input_val >= zero && input_val <= one` failed.
../aten/src/ATen/native/cuda/Loss.cu:94: operator(): block: [0,0,0], thread: [4,0,0] Assertion `input_val >= zero && input_val <= one` failed.
../aten/src/ATen/native/cuda/Loss.cu:94: operator(): block: [0,0,0], thread: [5,0,0] Assertion `input_val >= zero && input_val <= one` failed.
../aten/src/ATen/native/cuda/Loss.cu:94: operator(): block: [0,0,0], thread: [6,0,0] Assertion `input_val >= zero && input_val <= one` failed.
../aten/src/ATen/native/cuda/Loss.cu:94: operator(): block: [0,0,0], thread: [7,0,0] Assertion `input_val >= zero && input_val <= one` failed.
../aten/src/ATen/native/cuda/Loss.cu:94: operator(): block: [0,0,0], thread: [8,0,0] Assertion `input_val >= zero && input_val <= one` failed.
../aten/src/ATen/native/cuda/Loss.cu:94: operator(): block: [0,0,0], thread: [9,0,0] Assertion `input_val >= zero && input_val <= one` failed.
../aten/src/ATen/native/cuda/Loss.cu:94: operator(): block: [0,0,0], thread: [10,0,0] Assertion `input_val >= zero && input_val <= one` failed.
../aten/src/ATen/native/cuda/Loss.cu:94: operator(): block: [0,0,0], thread: [11,0,0] Assertion `input_val >= zero && input_val <= one` failed.
../aten/src/ATen/native/cuda/Loss.cu:94: operator(): block: [0,0,0], thread: [12,0,0] Assertion `input_val >= zero && input_val <= one` failed.
../aten/src/ATen/native/cuda/Loss.cu:94: operator(): block: [0,0,0], thread: [13,0,0] Assertion `input_val >= zero && input_val <= one` failed.
../aten/src/ATen/native/cuda/Loss.cu:94: operator(): block: [0,0,0], thread: [14,0,0] Assertion `input_val >= zero && input_val <= one` failed.
../aten/src/ATen/native/cuda/Loss.cu:94: operator(): block: [0,0,0], thread: [15,0,0] Assertion `input_val >= zero && input_val <= one` failed.
../aten/src/ATen/native/cuda/Loss.cu:94: operator(): block: [0,0,0], thread: [16,0,0] Assertion `input_val >= zero && input_val <= one` failed.
../aten/src/ATen/native/cuda/Loss.cu:94: operator(): block: [0,0,0], thread: [17,0,0] Assertion `input_val >= zero && input_val <= one` failed.
../aten/src/ATen/native/cuda/Loss.cu:94: operator(): block: [0,0,0], thread: [18,0,0] Assertion `input_val >= zero && input_val <= one` failed.
../aten/src/ATen/native/cuda/Loss.cu:94: operator(): block: [0,0,0], thread: [19,0,0] Assertion `input_val >= zero && input_val <= one` failed.
../aten/src/ATen/native/cuda/Loss.cu:94: operator(): block: [0,0,0], thread: [20,0,0] Assertion `input_val >= zero && input_val <= one` failed.
../aten/src/ATen/native/cuda/Loss.cu:94: operator(): block: [0,0,0], thread: [21,0,0] Assertion `input_val >= zero && input_val <= one` failed.
../aten/src/ATen/native/cuda/Loss.cu:94: operator(): block: [0,0,0], thread: [22,0,0] Assertion `input_val >= zero && input_val <= one` failed.
../aten/src/ATen/native/cuda/Loss.cu:94: operator(): block: [0,0,0], thread: [23,0,0] Assertion `input_val >= zero && input_val <= one` failed.
../aten/src/ATen/native/cuda/Loss.cu:94: operator(): block: [0,0,0], thread: [24,0,0] Assertion `input_val >= zero && input_val <= one` failed.
../aten/src/ATen/native/cuda/Loss.cu:94: operator(): block: [0,0,0], thread: [25,0,0] Assertion `input_val >= zero && input_val <= one` failed.
../aten/src/ATen/native/cuda/Loss.cu:94: operator(): block: [0,0,0], thread: [26,0,0] Assertion `input_val >= zero && input_val <= one` failed.
../aten/src/ATen/native/cuda/Loss.cu:94: operator(): block: [0,0,0], thread: [27,0,0] Assertion `input_val >= zero && input_val <= one` failed.
../aten/src/ATen/native/cuda/Loss.cu:94: operator(): block: [0,0,0], thread: [28,0,0] Assertion `input_val >= zero && input_val <= one` failed.
../aten/src/ATen/native/cuda/Loss.cu:94: operator(): block: [0,0,0], thread: [29,0,0] Assertion `input_val >= zero && input_val <= one` failed.
../aten/src/ATen/native/cuda/Loss.cu:94: operator(): block: [0,0,0], thread: [30,0,0] Assertion `input_val >= zero && input_val <= one` failed.
../aten/src/ATen/native/cuda/Loss.cu:94: operator(): block: [0,0,0], thread: [31,0,0] Assertion `input_val >= zero && input_val <= one` failed.
../aten/src/ATen/native/cuda/Loss.cu:94: operator(): block: [0,0,0], thread: [96,0,0] Assertion `input_val >= zero && input_val <= one` failed.
../aten/src/ATen/native/cuda/Loss.cu:94: operator(): block: [0,0,0], thread: [97,0,0] Assertion `input_val >= zero && input_val <= one` failed.
../aten/src/ATen/native/cuda/Loss.cu:94: operator(): block: [0,0,0], thread: [98,0,0] Assertion `input_val >= zero && input_val <= one` failed.
../aten/src/ATen/native/cuda/Loss.cu:94: operator(): block: [0,0,0], thread: [99,0,0] Assertion `input_val >= zero && input_val <= one` failed.
../aten/src/ATen/native/cuda/Loss.cu:94: operator(): block: [0,0,0], thread: [100,0,0] Assertion `input_val >= zero && input_val <= one` failed.
../aten/src/ATen/native/cuda/Loss.cu:94: operator(): block: [0,0,0], thread: [101,0,0] Assertion `input_val >= zero && input_val <= one` failed.
../aten/src/ATen/native/cuda/Loss.cu:94: operator(): block: [0,0,0], thread: [102,0,0] Assertion `input_val >= zero && input_val <= one` failed.
../aten/src/ATen/native/cuda/Loss.cu:94: operator(): block: [0,0,0], thread: [103,0,0] Assertion `input_val >= zero && input_val <= one` failed.
../aten/src/ATen/native/cuda/Loss.cu:94: operator(): block: [0,0,0], thread: [104,0,0] Assertion `input_val >= zero && input_val <= one` failed.
../aten/src/ATen/native/cuda/Loss.cu:94: operator(): block: [0,0,0], thread: [105,0,0] Assertion `input_val >= zero && input_val <= one` failed.
../aten/src/ATen/native/cuda/Loss.cu:94: operator(): block: [0,0,0], thread: [106,0,0] Assertion `input_val >= zero && input_val <= one` failed.
../aten/src/ATen/native/cuda/Loss.cu:94: operator(): block: [0,0,0], thread: [107,0,0] Assertion `input_val >= zero && input_val <= one` failed.
../aten/src/ATen/native/cuda/Loss.cu:94: operator(): block: [0,0,0], thread: [108,0,0] Assertion `input_val >= zero && input_val <= one` failed.
../aten/src/ATen/native/cuda/Loss.cu:94: operator(): block: [0,0,0], thread: [109,0,0] Assertion `input_val >= zero && input_val <= one` failed.
../aten/src/ATen/native/cuda/Loss.cu:94: operator(): block: [0,0,0], thread: [110,0,0] Assertion `input_val >= zero && input_val <= one` failed.
../aten/src/ATen/native/cuda/Loss.cu:94: operator(): block: [0,0,0], thread: [111,0,0] Assertion `input_val >= zero && input_val <= one` failed.
../aten/src/ATen/native/cuda/Loss.cu:94: operator(): block: [0,0,0], thread: [112,0,0] Assertion `input_val >= zero && input_val <= one` failed.
../aten/src/ATen/native/cuda/Loss.cu:94: operator(): block: [0,0,0], thread: [113,0,0] Assertion `input_val >= zero && input_val <= one` failed.
../aten/src/ATen/native/cuda/Loss.cu:94: operator(): block: [0,0,0], thread: [114,0,0] Assertion `input_val >= zero && input_val <= one` failed.
../aten/src/ATen/native/cuda/Loss.cu:94: operator(): block: [0,0,0], thread: [115,0,0] Assertion `input_val >= zero && input_val <= one` failed.
../aten/src/ATen/native/cuda/Loss.cu:94: operator(): block: [0,0,0], thread: [116,0,0] Assertion `input_val >= zero && input_val <= one` failed.
../aten/src/ATen/native/cuda/Loss.cu:94: operator(): block: [0,0,0], thread: [117,0,0] Assertion `input_val >= zero && input_val <= one` failed.
../aten/src/ATen/native/cuda/Loss.cu:94: operator(): block: [0,0,0], thread: [118,0,0] Assertion `input_val >= zero && input_val <= one` failed.
../aten/src/ATen/native/cuda/Loss.cu:94: operator(): block: [0,0,0], thread: [119,0,0] Assertion `input_val >= zero && input_val <= one` failed.
../aten/src/ATen/native/cuda/Loss.cu:94: operator(): block: [0,0,0], thread: [120,0,0] Assertion `input_val >= zero && input_val <= one` failed.
../aten/src/ATen/native/cuda/Loss.cu:94: operator(): block: [0,0,0], thread: [121,0,0] Assertion `input_val >= zero && input_val <= one` failed.
../aten/src/ATen/native/cuda/Loss.cu:94: operator(): block: [0,0,0], thread: [122,0,0] Assertion `input_val >= zero && input_val <= one` failed.
../aten/src/ATen/native/cuda/Loss.cu:94: operator(): block: [0,0,0], thread: [123,0,0] Assertion `input_val >= zero && input_val <= one` failed.
../aten/src/ATen/native/cuda/Loss.cu:94: operator(): block: [0,0,0], thread: [124,0,0] Assertion `input_val >= zero && input_val <= one` failed.
../aten/src/ATen/native/cuda/Loss.cu:94: operator(): block: [0,0,0], thread: [125,0,0] Assertion `input_val >= zero && input_val <= one` failed.
../aten/src/ATen/native/cuda/Loss.cu:94: operator(): block: [0,0,0], thread: [126,0,0] Assertion `input_val >= zero && input_val <= one` failed.
../aten/src/ATen/native/cuda/Loss.cu:94: operator(): block: [0,0,0], thread: [127,0,0] Assertion `input_val >= zero && input_val <= one` failed.
../aten/src/ATen/native/cuda/Loss.cu:94: operator(): block: [0,0,0], thread: [64,0,0] Assertion `input_val >= zero && input_val <= one` failed.
../aten/src/ATen/native/cuda/Loss.cu:94: operator(): block: [0,0,0], thread: [65,0,0] Assertion `input_val >= zero && input_val <= one` failed.
../aten/src/ATen/native/cuda/Loss.cu:94: operator(): block: [0,0,0], thread: [66,0,0] Assertion `input_val >= zero && input_val <= one` failed.
../aten/src/ATen/native/cuda/Loss.cu:94: operator(): block: [0,0,0], thread: [67,0,0] Assertion `input_val >= zero && input_val <= one` failed.
../aten/src/ATen/native/cuda/Loss.cu:94: operator(): block: [0,0,0], thread: [68,0,0] Assertion `input_val >= zero && input_val <= one` failed.
../aten/src/ATen/native/cuda/Loss.cu:94: operator(): block: [0,0,0], thread: [69,0,0] Assertion `input_val >= zero && input_val <= one` failed.
../aten/src/ATen/native/cuda/Loss.cu:94: operator(): block: [0,0,0], thread: [70,0,0] Assertion `input_val >= zero && input_val <= one` failed.
../aten/src/ATen/native/cuda/Loss.cu:94: operator(): block: [0,0,0], thread: [71,0,0] Assertion `input_val >= zero && input_val <= one` failed.
../aten/src/ATen/native/cuda/Loss.cu:94: operator(): block: [0,0,0], thread: [72,0,0] Assertion `input_val >= zero && input_val <= one` failed.
../aten/src/ATen/native/cuda/Loss.cu:94: operator(): block: [0,0,0], thread: [73,0,0] Assertion `input_val >= zero && input_val <= one` failed.
../aten/src/ATen/native/cuda/Loss.cu:94: operator(): block: [0,0,0], thread: [74,0,0] Assertion `input_val >= zero && input_val <= one` failed.
../aten/src/ATen/native/cuda/Loss.cu:94: operator(): block: [0,0,0], thread: [75,0,0] Assertion `input_val >= zero && input_val <= one` failed.
../aten/src/ATen/native/cuda/Loss.cu:94: operator(): block: [0,0,0], thread: [76,0,0] Assertion `input_val >= zero && input_val <= one` failed.
../aten/src/ATen/native/cuda/Loss.cu:94: operator(): block: [0,0,0], thread: [77,0,0] Assertion `input_val >= zero && input_val <= one` failed.
../aten/src/ATen/native/cuda/Loss.cu:94: operator(): block: [0,0,0], thread: [78,0,0] Assertion `input_val >= zero && input_val <= one` failed.
../aten/src/ATen/native/cuda/Loss.cu:94: operator(): block: [0,0,0], thread: [79,0,0] Assertion `input_val >= zero && input_val <= one` failed.
../aten/src/ATen/native/cuda/Loss.cu:94: operator(): block: [0,0,0], thread: [80,0,0] Assertion `input_val >= zero && input_val <= one` failed.
../aten/src/ATen/native/cuda/Loss.cu:94: operator(): block: [0,0,0], thread: [81,0,0] Assertion `input_val >= zero && input_val <= one` failed.
../aten/src/ATen/native/cuda/Loss.cu:94: operator(): block: [0,0,0], thread: [82,0,0] Assertion `input_val >= zero && input_val <= one` failed.
../aten/src/ATen/native/cuda/Loss.cu:94: operator(): block: [0,0,0], thread: [83,0,0] Assertion `input_val >= zero && input_val <= one` failed.
../aten/src/ATen/native/cuda/Loss.cu:94: operator(): block: [0,0,0], thread: [84,0,0] Assertion `input_val >= zero && input_val <= one` failed.
../aten/src/ATen/native/cuda/Loss.cu:94: operator(): block: [0,0,0], thread: [85,0,0] Assertion `input_val >= zero && input_val <= one` failed.
../aten/src/ATen/native/cuda/Loss.cu:94: operator(): block: [0,0,0], thread: [86,0,0] Assertion `input_val >= zero && input_val <= one` failed.
../aten/src/ATen/native/cuda/Loss.cu:94: operator(): block: [0,0,0], thread: [87,0,0] Assertion `input_val >= zero && input_val <= one` failed.
../aten/src/ATen/native/cuda/Loss.cu:94: operator(): block: [0,0,0], thread: [88,0,0] Assertion `input_val >= zero && input_val <= one` failed.
../aten/src/ATen/native/cuda/Loss.cu:94: operator(): block: [0,0,0], thread: [89,0,0] Assertion `input_val >= zero && input_val <= one` failed.
../aten/src/ATen/native/cuda/Loss.cu:94: operator(): block: [0,0,0], thread: [90,0,0] Assertion `input_val >= zero && input_val <= one` failed.
../aten/src/ATen/native/cuda/Loss.cu:94: operator(): block: [0,0,0], thread: [91,0,0] Assertion `input_val >= zero && input_val <= one` failed.
../aten/src/ATen/native/cuda/Loss.cu:94: operator(): block: [0,0,0], thread: [92,0,0] Assertion `input_val >= zero && input_val <= one` failed.
../aten/src/ATen/native/cuda/Loss.cu:94: operator(): block: [0,0,0], thread: [93,0,0] Assertion `input_val >= zero && input_val <= one` failed.
../aten/src/ATen/native/cuda/Loss.cu:94: operator(): block: [0,0,0], thread: [94,0,0] Assertion `input_val >= zero && input_val <= one` failed.
../aten/src/ATen/native/cuda/Loss.cu:94: operator(): block: [0,0,0], thread: [95,0,0] Assertion `input_val >= zero && input_val <= one` failed.
../aten/src/ATen/native/cuda/Loss.cu:94: operator(): block: [0,0,0], thread: [32,0,0] Assertion `input_val >= zero && input_val <= one` failed.
../aten/src/ATen/native/cuda/Loss.cu:94: operator(): block: [0,0,0], thread: [33,0,0] Assertion `input_val >= zero && input_val <= one` failed.
../aten/src/ATen/native/cuda/Loss.cu:94: operator(): block: [0,0,0], thread: [34,0,0] Assertion `input_val >= zero && input_val <= one` failed.
../aten/src/ATen/native/cuda/Loss.cu:94: operator(): block: [0,0,0], thread: [35,0,0] Assertion `input_val >= zero && input_val <= one` failed.
../aten/src/ATen/native/cuda/Loss.cu:94: operator(): block: [0,0,0], thread: [36,0,0] Assertion `input_val >= zero && input_val <= one` failed.
../aten/src/ATen/native/cuda/Loss.cu:94: operator(): block: [0,0,0], thread: [37,0,0] Assertion `input_val >= zero && input_val <= one` failed.
../aten/src/ATen/native/cuda/Loss.cu:94: operator(): block: [0,0,0], thread: [38,0,0] Assertion `input_val >= zero && input_val <= one` failed.
../aten/src/ATen/native/cuda/Loss.cu:94: operator(): block: [0,0,0], thread: [39,0,0] Assertion `input_val >= zero && input_val <= one` failed.
../aten/src/ATen/native/cuda/Loss.cu:94: operator(): block: [0,0,0], thread: [40,0,0] Assertion `input_val >= zero && input_val <= one` failed.
../aten/src/ATen/native/cuda/Loss.cu:94: operator(): block: [0,0,0], thread: [41,0,0] Assertion `input_val >= zero && input_val <= one` failed.
../aten/src/ATen/native/cuda/Loss.cu:94: operator(): block: [0,0,0], thread: [42,0,0] Assertion `input_val >= zero && input_val <= one` failed.
../aten/src/ATen/native/cuda/Loss.cu:94: operator(): block: [0,0,0], thread: [43,0,0] Assertion `input_val >= zero && input_val <= one` failed.
../aten/src/ATen/native/cuda/Loss.cu:94: operator(): block: [0,0,0], thread: [44,0,0] Assertion `input_val >= zero && input_val <= one` failed.
../aten/src/ATen/native/cuda/Loss.cu:94: operator(): block: [0,0,0], thread: [45,0,0] Assertion `input_val >= zero && input_val <= one` failed.
../aten/src/ATen/native/cuda/Loss.cu:94: operator(): block: [0,0,0], thread: [46,0,0] Assertion `input_val >= zero && input_val <= one` failed.
../aten/src/ATen/native/cuda/Loss.cu:94: operator(): block: [0,0,0], thread: [47,0,0] Assertion `input_val >= zero && input_val <= one` failed.
../aten/src/ATen/native/cuda/Loss.cu:94: operator(): block: [0,0,0], thread: [48,0,0] Assertion `input_val >= zero && input_val <= one` failed.
../aten/src/ATen/native/cuda/Loss.cu:94: operator(): block: [0,0,0], thread: [49,0,0] Assertion `input_val >= zero && input_val <= one` failed.
../aten/src/ATen/native/cuda/Loss.cu:94: operator(): block: [0,0,0], thread: [50,0,0] Assertion `input_val >= zero && input_val <= one` failed.
../aten/src/ATen/native/cuda/Loss.cu:94: operator(): block: [0,0,0], thread: [51,0,0] Assertion `input_val >= zero && input_val <= one` failed.
../aten/src/ATen/native/cuda/Loss.cu:94: operator(): block: [0,0,0], thread: [52,0,0] Assertion `input_val >= zero && input_val <= one` failed.
../aten/src/ATen/native/cuda/Loss.cu:94: operator(): block: [0,0,0], thread: [53,0,0] Assertion `input_val >= zero && input_val <= one` failed.
../aten/src/ATen/native/cuda/Loss.cu:94: operator(): block: [0,0,0], thread: [54,0,0] Assertion `input_val >= zero && input_val <= one` failed.
../aten/src/ATen/native/cuda/Loss.cu:94: operator(): block: [0,0,0], thread: [55,0,0] Assertion `input_val >= zero && input_val <= one` failed.
../aten/src/ATen/native/cuda/Loss.cu:94: operator(): block: [0,0,0], thread: [56,0,0] Assertion `input_val >= zero && input_val <= one` failed.
../aten/src/ATen/native/cuda/Loss.cu:94: operator(): block: [0,0,0], thread: [57,0,0] Assertion `input_val >= zero && input_val <= one` failed.
../aten/src/ATen/native/cuda/Loss.cu:94: operator(): block: [0,0,0], thread: [58,0,0] Assertion `input_val >= zero && input_val <= one` failed.
../aten/src/ATen/native/cuda/Loss.cu:94: operator(): block: [0,0,0], thread: [59,0,0] Assertion `input_val >= zero && input_val <= one` failed.
../aten/src/ATen/native/cuda/Loss.cu:94: operator(): block: [0,0,0], thread: [60,0,0] Assertion `input_val >= zero && input_val <= one` failed.
../aten/src/ATen/native/cuda/Loss.cu:94: operator(): block: [0,0,0], thread: [61,0,0] Assertion `input_val >= zero && input_val <= one` failed.
../aten/src/ATen/native/cuda/Loss.cu:94: operator(): block: [0,0,0], thread: [62,0,0] Assertion `input_val >= zero && input_val <= one` failed.
../aten/src/ATen/native/cuda/Loss.cu:94: operator(): block: [0,0,0], thread: [63,0,0] Assertion `input_val >= zero && input_val <= one` failed.
../aten/src/ATen/native/cuda/Loss.cu:94: operator(): block: [1,0,0], thread: [96,0,0] Assertion `input_val >= zero && input_val <= one` failed.
../aten/src/ATen/native/cuda/Loss.cu:94: operator(): block: [1,0,0], thread: [97,0,0] Assertion `input_val >= zero && input_val <= one` failed.
../aten/src/ATen/native/cuda/Loss.cu:94: operator(): block: [1,0,0], thread: [98,0,0] Assertion `input_val >= zero && input_val <= one` failed.
../aten/src/ATen/native/cuda/Loss.cu:94: operator(): block: [1,0,0], thread: [99,0,0] Assertion `input_val >= zero && input_val <= one` failed.
../aten/src/ATen/native/cuda/Loss.cu:94: operator(): block: [1,0,0], thread: [100,0,0] Assertion `input_val >= zero && input_val <= one` failed.
../aten/src/ATen/native/cuda/Loss.cu:94: operator(): block: [1,0,0], thread: [101,0,0] Assertion `input_val >= zero && input_val <= one` failed.
../aten/src/ATen/native/cuda/Loss.cu:94: operator(): block: [1,0,0], thread: [102,0,0] Assertion `input_val >= zero && input_val <= one` failed.
../aten/src/ATen/native/cuda/Loss.cu:94: operator(): block: [1,0,0], thread: [103,0,0] Assertion `input_val >= zero && input_val <= one` failed.
../aten/src/ATen/native/cuda/Loss.cu:94: operator(): block: [1,0,0], thread: [104,0,0] Assertion `input_val >= zero && input_val <= one` failed.
../aten/src/ATen/native/cuda/Loss.cu:94: operator(): block: [1,0,0], thread: [105,0,0] Assertion `input_val >= zero && input_val <= one` failed.
../aten/src/ATen/native/cuda/Loss.cu:94: operator(): block: [1,0,0], thread: [106,0,0] Assertion `input_val >= zero && input_val <= one` failed.
../aten/src/ATen/native/cuda/Loss.cu:94: operator(): block: [1,0,0], thread: [107,0,0] Assertion `input_val >= zero && input_val <= one` failed.
../aten/src/ATen/native/cuda/Loss.cu:94: operator(): block: [1,0,0], thread: [108,0,0] Assertion `input_val >= zero && input_val <= one` failed.
../aten/src/ATen/native/cuda/Loss.cu:94: operator(): block: [1,0,0], thread: [109,0,0] Assertion `input_val >= zero && input_val <= one` failed.
../aten/src/ATen/native/cuda/Loss.cu:94: operator(): block: [1,0,0], thread: [110,0,0] Assertion `input_val >= zero && input_val <= one` failed.
../aten/src/ATen/native/cuda/Loss.cu:94: operator(): block: [1,0,0], thread: [111,0,0] Assertion `input_val >= zero && input_val <= one` failed.
../aten/src/ATen/native/cuda/Loss.cu:94: operator(): block: [1,0,0], thread: [112,0,0] Assertion `input_val >= zero && input_val <= one` failed.
../aten/src/ATen/native/cuda/Loss.cu:94: operator(): block: [1,0,0], thread: [113,0,0] Assertion `input_val >= zero && input_val <= one` failed.
../aten/src/ATen/native/cuda/Loss.cu:94: operator(): block: [1,0,0], thread: [114,0,0] Assertion `input_val >= zero && input_val <= one` failed.
../aten/src/ATen/native/cuda/Loss.cu:94: operator(): block: [1,0,0], thread: [115,0,0] Assertion `input_val >= zero && input_val <= one` failed.
../aten/src/ATen/native/cuda/Loss.cu:94: operator(): block: [1,0,0], thread: [116,0,0] Assertion `input_val >= zero && input_val <= one` failed.
../aten/src/ATen/native/cuda/Loss.cu:94: operator(): block: [1,0,0], thread: [117,0,0] Assertion `input_val >= zero && input_val <= one` failed.
../aten/src/ATen/native/cuda/Loss.cu:94: operator(): block: [1,0,0], thread: [118,0,0] Assertion `input_val >= zero && input_val <= one` failed.
../aten/src/ATen/native/cuda/Loss.cu:94: operator(): block: [1,0,0], thread: [119,0,0] Assertion `input_val >= zero && input_val <= one` failed.
../aten/src/ATen/native/cuda/Loss.cu:94: operator(): block: [1,0,0], thread: [120,0,0] Assertion `input_val >= zero && input_val <= one` failed.
../aten/src/ATen/native/cuda/Loss.cu:94: operator(): block: [1,0,0], thread: [121,0,0] Assertion `input_val >= zero && input_val <= one` failed.
../aten/src/ATen/native/cuda/Loss.cu:94: operator(): block: [1,0,0], thread: [122,0,0] Assertion `input_val >= zero && input_val <= one` failed.
../aten/src/ATen/native/cuda/Loss.cu:94: operator(): block: [1,0,0], thread: [123,0,0] Assertion `input_val >= zero && input_val <= one` failed.
../aten/src/ATen/native/cuda/Loss.cu:94: operator(): block: [1,0,0], thread: [124,0,0] Assertion `input_val >= zero && input_val <= one` failed.
../aten/src/ATen/native/cuda/Loss.cu:94: operator(): block: [1,0,0], thread: [125,0,0] Assertion `input_val >= zero && input_val <= one` failed.
../aten/src/ATen/native/cuda/Loss.cu:94: operator(): block: [1,0,0], thread: [126,0,0] Assertion `input_val >= zero && input_val <= one` failed.
../aten/src/ATen/native/cuda/Loss.cu:94: operator(): block: [1,0,0], thread: [127,0,0] Assertion `input_val >= zero && input_val <= one` failed.
../aten/src/ATen/native/cuda/Loss.cu:94: operator(): block: [1,0,0], thread: [64,0,0] Assertion `input_val >= zero && input_val <= one` failed.
../aten/src/ATen/native/cuda/Loss.cu:94: operator(): block: [1,0,0], thread: [65,0,0] Assertion `input_val >= zero && input_val <= one` failed.
../aten/src/ATen/native/cuda/Loss.cu:94: operator(): block: [1,0,0], thread: [66,0,0] Assertion `input_val >= zero && input_val <= one` failed.
../aten/src/ATen/native/cuda/Loss.cu:94: operator(): block: [1,0,0], thread: [67,0,0] Assertion `input_val >= zero && input_val <= one` failed.
../aten/src/ATen/native/cuda/Loss.cu:94: operator(): block: [1,0,0], thread: [68,0,0] Assertion `input_val >= zero && input_val <= one` failed.
../aten/src/ATen/native/cuda/Loss.cu:94: operator(): block: [1,0,0], thread: [69,0,0] Assertion `input_val >= zero && input_val <= one` failed.
../aten/src/ATen/native/cuda/Loss.cu:94: operator(): block: [1,0,0], thread: [70,0,0] Assertion `input_val >= zero && input_val <= one` failed.
../aten/src/ATen/native/cuda/Loss.cu:94: operator(): block: [1,0,0], thread: [71,0,0] Assertion `input_val >= zero && input_val <= one` failed.
../aten/src/ATen/native/cuda/Loss.cu:94: operator(): block: [1,0,0], thread: [72,0,0] Assertion `input_val >= zero && input_val <= one` failed.
../aten/src/ATen/native/cuda/Loss.cu:94: operator(): block: [1,0,0], thread: [73,0,0] Assertion `input_val >= zero && input_val <= one` failed.
../aten/src/ATen/native/cuda/Loss.cu:94: operator(): block: [1,0,0], thread: [74,0,0] Assertion `input_val >= zero && input_val <= one` failed.
../aten/src/ATen/native/cuda/Loss.cu:94: operator(): block: [1,0,0], thread: [75,0,0] Assertion `input_val >= zero && input_val <= one` failed.
../aten/src/ATen/native/cuda/Loss.cu:94: operator(): block: [1,0,0], thread: [76,0,0] Assertion `input_val >= zero && input_val <= one` failed.
../aten/src/ATen/native/cuda/Loss.cu:94: operator(): block: [1,0,0], thread: [77,0,0] Assertion `input_val >= zero && input_val <= one` failed.
../aten/src/ATen/native/cuda/Loss.cu:94: operator(): block: [1,0,0], thread: [78,0,0] Assertion `input_val >= zero && input_val <= one` failed.
../aten/src/ATen/native/cuda/Loss.cu:94: operator(): block: [1,0,0], thread: [79,0,0] Assertion `input_val >= zero && input_val <= one` failed.
../aten/src/ATen/native/cuda/Loss.cu:94: operator(): block: [1,0,0], thread: [80,0,0] Assertion `input_val >= zero && input_val <= one` failed.
../aten/src/ATen/native/cuda/Loss.cu:94: operator(): block: [1,0,0], thread: [81,0,0] Assertion `input_val >= zero && input_val <= one` failed.
../aten/src/ATen/native/cuda/Loss.cu:94: operator(): block: [1,0,0], thread: [82,0,0] Assertion `input_val >= zero && input_val <= one` failed.
../aten/src/ATen/native/cuda/Loss.cu:94: operator(): block: [1,0,0], thread: [83,0,0] Assertion `input_val >= zero && input_val <= one` failed.
../aten/src/ATen/native/cuda/Loss.cu:94: operator(): block: [1,0,0], thread: [84,0,0] Assertion `input_val >= zero && input_val <= one` failed.
../aten/src/ATen/native/cuda/Loss.cu:94: operator(): block: [1,0,0], thread: [85,0,0] Assertion `input_val >= zero && input_val <= one` failed.
../aten/src/ATen/native/cuda/Loss.cu:94: operator(): block: [1,0,0], thread: [86,0,0] Assertion `input_val >= zero && input_val <= one` failed.
../aten/src/ATen/native/cuda/Loss.cu:94: operator(): block: [1,0,0], thread: [87,0,0] Assertion `input_val >= zero && input_val <= one` failed.
../aten/src/ATen/native/cuda/Loss.cu:94: operator(): block: [1,0,0], thread: [88,0,0] Assertion `input_val >= zero && input_val <= one` failed.
../aten/src/ATen/native/cuda/Loss.cu:94: operator(): block: [1,0,0], thread: [89,0,0] Assertion `input_val >= zero && input_val <= one` failed.
../aten/src/ATen/native/cuda/Loss.cu:94: operator(): block: [1,0,0], thread: [90,0,0] Assertion `input_val >= zero && input_val <= one` failed.
../aten/src/ATen/native/cuda/Loss.cu:94: operator(): block: [1,0,0], thread: [91,0,0] Assertion `input_val >= zero && input_val <= one` failed.
../aten/src/ATen/native/cuda/Loss.cu:94: operator(): block: [1,0,0], thread: [92,0,0] Assertion `input_val >= zero && input_val <= one` failed.
../aten/src/ATen/native/cuda/Loss.cu:94: operator(): block: [1,0,0], thread: [93,0,0] Assertion `input_val >= zero && input_val <= one` failed.
../aten/src/ATen/native/cuda/Loss.cu:94: operator(): block: [1,0,0], thread: [94,0,0] Assertion `input_val >= zero && input_val <= one` failed.
../aten/src/ATen/native/cuda/Loss.cu:94: operator(): block: [1,0,0], thread: [95,0,0] Assertion `input_val >= zero && input_val <= one` failed.
../aten/src/ATen/native/cuda/Loss.cu:94: operator(): block: [1,0,0], thread: [32,0,0] Assertion `input_val >= zero && input_val <= one` failed.
../aten/src/ATen/native/cuda/Loss.cu:94: operator(): block: [1,0,0], thread: [33,0,0] Assertion `input_val >= zero && input_val <= one` failed.
../aten/src/ATen/native/cuda/Loss.cu:94: operator(): block: [1,0,0], thread: [34,0,0] Assertion `input_val >= zero && input_val <= one` failed.
../aten/src/ATen/native/cuda/Loss.cu:94: operator(): block: [1,0,0], thread: [35,0,0] Assertion `input_val >= zero && input_val <= one` failed.
../aten/src/ATen/native/cuda/Loss.cu:94: operator(): block: [1,0,0], thread: [36,0,0] Assertion `input_val >= zero && input_val <= one` failed.
../aten/src/ATen/native/cuda/Loss.cu:94: operator(): block: [1,0,0], thread: [37,0,0] Assertion `input_val >= zero && input_val <= one` failed.
../aten/src/ATen/native/cuda/Loss.cu:94: operator(): block: [1,0,0], thread: [38,0,0] Assertion `input_val >= zero && input_val <= one` failed.
../aten/src/ATen/native/cuda/Loss.cu:94: operator(): block: [1,0,0], thread: [39,0,0] Assertion `input_val >= zero && input_val <= one` failed.
../aten/src/ATen/native/cuda/Loss.cu:94: operator(): block: [1,0,0], thread: [40,0,0] Assertion `input_val >= zero && input_val <= one` failed.
../aten/src/ATen/native/cuda/Loss.cu:94: operator(): block: [1,0,0], thread: [41,0,0] Assertion `input_val >= zero && input_val <= one` failed.
../aten/src/ATen/native/cuda/Loss.cu:94: operator(): block: [1,0,0], thread: [42,0,0] Assertion `input_val >= zero && input_val <= one` failed.
../aten/src/ATen/native/cuda/Loss.cu:94: operator(): block: [1,0,0], thread: [43,0,0] Assertion `input_val >= zero && input_val <= one` failed.
../aten/src/ATen/native/cuda/Loss.cu:94: operator(): block: [1,0,0], thread: [44,0,0] Assertion `input_val >= zero && input_val <= one` failed.
../aten/src/ATen/native/cuda/Loss.cu:94: operator(): block: [1,0,0], thread: [45,0,0] Assertion `input_val >= zero && input_val <= one` failed.
../aten/src/ATen/native/cuda/Loss.cu:94: operator(): block: [1,0,0], thread: [46,0,0] Assertion `input_val >= zero && input_val <= one` failed.
../aten/src/ATen/native/cuda/Loss.cu:94: operator(): block: [1,0,0], thread: [47,0,0] Assertion `input_val >= zero && input_val <= one` failed.
../aten/src/ATen/native/cuda/Loss.cu:94: operator(): block: [1,0,0], thread: [48,0,0] Assertion `input_val >= zero && input_val <= one` failed.
../aten/src/ATen/native/cuda/Loss.cu:94: operator(): block: [1,0,0], thread: [49,0,0] Assertion `input_val >= zero && input_val <= one` failed.
../aten/src/ATen/native/cuda/Loss.cu:94: operator(): block: [1,0,0], thread: [50,0,0] Assertion `input_val >= zero && input_val <= one` failed.
../aten/src/ATen/native/cuda/Loss.cu:94: operator(): block: [1,0,0], thread: [51,0,0] Assertion `input_val >= zero && input_val <= one` failed.
../aten/src/ATen/native/cuda/Loss.cu:94: operator(): block: [1,0,0], thread: [52,0,0] Assertion `input_val >= zero && input_val <= one` failed.
../aten/src/ATen/native/cuda/Loss.cu:94: operator(): block: [1,0,0], thread: [53,0,0] Assertion `input_val >= zero && input_val <= one` failed.
../aten/src/ATen/native/cuda/Loss.cu:94: operator(): block: [1,0,0], thread: [54,0,0] Assertion `input_val >= zero && input_val <= one` failed.
../aten/src/ATen/native/cuda/Loss.cu:94: operator(): block: [1,0,0], thread: [55,0,0] Assertion `input_val >= zero && input_val <= one` failed.
../aten/src/ATen/native/cuda/Loss.cu:94: operator(): block: [1,0,0], thread: [56,0,0] Assertion `input_val >= zero && input_val <= one` failed.
../aten/src/ATen/native/cuda/Loss.cu:94: operator(): block: [1,0,0], thread: [57,0,0] Assertion `input_val >= zero && input_val <= one` failed.
../aten/src/ATen/native/cuda/Loss.cu:94: operator(): block: [1,0,0], thread: [58,0,0] Assertion `input_val >= zero && input_val <= one` failed.
../aten/src/ATen/native/cuda/Loss.cu:94: operator(): block: [1,0,0], thread: [59,0,0] Assertion `input_val >= zero && input_val <= one` failed.
../aten/src/ATen/native/cuda/Loss.cu:94: operator(): block: [1,0,0], thread: [60,0,0] Assertion `input_val >= zero && input_val <= one` failed.
../aten/src/ATen/native/cuda/Loss.cu:94: operator(): block: [1,0,0], thread: [61,0,0] Assertion `input_val >= zero && input_val <= one` failed.
../aten/src/ATen/native/cuda/Loss.cu:94: operator(): block: [1,0,0], thread: [62,0,0] Assertion `input_val >= zero && input_val <= one` failed.
../aten/src/ATen/native/cuda/Loss.cu:94: operator(): block: [1,0,0], thread: [63,0,0] Assertion `input_val >= zero && input_val <= one` failed.
../aten/src/ATen/native/cuda/Loss.cu:94: operator(): block: [1,0,0], thread: [0,0,0] Assertion `input_val >= zero && input_val <= one` failed.
../aten/src/ATen/native/cuda/Loss.cu:94: operator(): block: [1,0,0], thread: [1,0,0] Assertion `input_val >= zero && input_val <= one` failed.
../aten/src/ATen/native/cuda/Loss.cu:94: operator(): block: [1,0,0], thread: [2,0,0] Assertion `input_val >= zero && input_val <= one` failed.
../aten/src/ATen/native/cuda/Loss.cu:94: operator(): block: [1,0,0], thread: [3,0,0] Assertion `input_val >= zero && input_val <= one` failed.
../aten/src/ATen/native/cuda/Loss.cu:94: operator(): block: [1,0,0], thread: [4,0,0] Assertion `input_val >= zero && input_val <= one` failed.
../aten/src/ATen/native/cuda/Loss.cu:94: operator(): block: [1,0,0], thread: [5,0,0] Assertion `input_val >= zero && input_val <= one` failed.
../aten/src/ATen/native/cuda/Loss.cu:94: operator(): block: [1,0,0], thread: [6,0,0] Assertion `input_val >= zero && input_val <= one` failed.
../aten/src/ATen/native/cuda/Loss.cu:94: operator(): block: [1,0,0], thread: [7,0,0] Assertion `input_val >= zero && input_val <= one` failed.
../aten/src/ATen/native/cuda/Loss.cu:94: operator(): block: [1,0,0], thread: [8,0,0] Assertion `input_val >= zero && input_val <= one` failed.
../aten/src/ATen/native/cuda/Loss.cu:94: operator(): block: [1,0,0], thread: [9,0,0] Assertion `input_val >= zero && input_val <= one` failed.
../aten/src/ATen/native/cuda/Loss.cu:94: operator(): block: [1,0,0], thread: [10,0,0] Assertion `input_val >= zero && input_val <= one` failed.
../aten/src/ATen/native/cuda/Loss.cu:94: operator(): block: [1,0,0], thread: [11,0,0] Assertion `input_val >= zero && input_val <= one` failed.
../aten/src/ATen/native/cuda/Loss.cu:94: operator(): block: [1,0,0], thread: [12,0,0] Assertion `input_val >= zero && input_val <= one` failed.
../aten/src/ATen/native/cuda/Loss.cu:94: operator(): block: [1,0,0], thread: [13,0,0] Assertion `input_val >= zero && input_val <= one` failed.
../aten/src/ATen/native/cuda/Loss.cu:94: operator(): block: [1,0,0], thread: [14,0,0] Assertion `input_val >= zero && input_val <= one` failed.
../aten/src/ATen/native/cuda/Loss.cu:94: operator(): block: [1,0,0], thread: [15,0,0] Assertion `input_val >= zero && input_val <= one` failed.
../aten/src/ATen/native/cuda/Loss.cu:94: operator(): block: [1,0,0], thread: [16,0,0] Assertion `input_val >= zero && input_val <= one` failed.
../aten/src/ATen/native/cuda/Loss.cu:94: operator(): block: [1,0,0], thread: [17,0,0] Assertion `input_val >= zero && input_val <= one` failed.
../aten/src/ATen/native/cuda/Loss.cu:94: operator(): block: [1,0,0], thread: [18,0,0] Assertion `input_val >= zero && input_val <= one` failed.
../aten/src/ATen/native/cuda/Loss.cu:94: operator(): block: [1,0,0], thread: [19,0,0] Assertion `input_val >= zero && input_val <= one` failed.
../aten/src/ATen/native/cuda/Loss.cu:94: operator(): block: [1,0,0], thread: [20,0,0] Assertion `input_val >= zero && input_val <= one` failed.
../aten/src/ATen/native/cuda/Loss.cu:94: operator(): block: [1,0,0], thread: [21,0,0] Assertion `input_val >= zero && input_val <= one` failed.
../aten/src/ATen/native/cuda/Loss.cu:94: operator(): block: [1,0,0], thread: [22,0,0] Assertion `input_val >= zero && input_val <= one` failed.
../aten/src/ATen/native/cuda/Loss.cu:94: operator(): block: [1,0,0], thread: [23,0,0] Assertion `input_val >= zero && input_val <= one` failed.
../aten/src/ATen/native/cuda/Loss.cu:94: operator(): block: [1,0,0], thread: [24,0,0] Assertion `input_val >= zero && input_val <= one` failed.
../aten/src/ATen/native/cuda/Loss.cu:94: operator(): block: [1,0,0], thread: [25,0,0] Assertion `input_val >= zero && input_val <= one` failed.
../aten/src/ATen/native/cuda/Loss.cu:94: operator(): block: [1,0,0], thread: [26,0,0] Assertion `input_val >= zero && input_val <= one` failed.
../aten/src/ATen/native/cuda/Loss.cu:94: operator(): block: [1,0,0], thread: [27,0,0] Assertion `input_val >= zero && input_val <= one` failed.
../aten/src/ATen/native/cuda/Loss.cu:94: operator(): block: [1,0,0], thread: [28,0,0] Assertion `input_val >= zero && input_val <= one` failed.
../aten/src/ATen/native/cuda/Loss.cu:94: operator(): block: [1,0,0], thread: [29,0,0] Assertion `input_val >= zero && input_val <= one` failed.
../aten/src/ATen/native/cuda/Loss.cu:94: operator(): block: [1,0,0], thread: [30,0,0] Assertion `input_val >= zero && input_val <= one` failed.
../aten/src/ATen/native/cuda/Loss.cu:94: operator(): block: [1,0,0], thread: [31,0,0] Assertion `input_val >= zero && input_val <= one` failed.
  0%|                                                                                          | 0/8103 [12:14<?, ?it/s]
Traceback (most recent call last):
  File "/home/liyang/BioWuYan/dygmamba_project/model/dygmamba/src/models/main_train_hpc.py", line 318, in <module>
    loss = loss_func(input=predicts, target=labels)/ ACCUMULATION_STEPS
  File "/home/liyang/BioWuYan/conda_env/dygmamba39/lib/python3.9/site-packages/torch/nn/modules/module.py", line 1511, in _wrapped_call_impl
    return self._call_impl(*args, **kwargs)
  File "/home/liyang/BioWuYan/conda_env/dygmamba39/lib/python3.9/site-packages/torch/nn/modules/module.py", line 1520, in _call_impl
    return forward_call(*args, **kwargs)
  File "/home/liyang/BioWuYan/conda_env/dygmamba39/lib/python3.9/site-packages/torch/nn/modules/loss.py", line 618, in forward
    return F.binary_cross_entropy(input, target, weight=self.weight, reduction=self.reduction)
  File "/home/liyang/BioWuYan/conda_env/dygmamba39/lib/python3.9/site-packages/torch/nn/functional.py", line 3127, in binary_cross_entropy
    return torch._C._nn.binary_cross_entropy(input, target, weight, reduction_enum)
RuntimeError: CUDA error: device-side assert triggered
Compile with `TORCH_USE_CUDA_DSA` to enable device-side assertions.

slurmstepd: error: *** JOB 198202 ON gnode03 CANCELLED AT 2026-02-12T02:13:15 ***
